<!DOCTYPE html>
<body>
  <h1 class="preexisting-class header-1 mixin-1 mixin-2">Header with nested <span>span</span></h1>
  <p class="paragraph mixin-1 mixin-2">Paragraph with nested <span class="paragraph-span">span</span>.</p>
</body>
