<!DOCTYPE html>
<body>
  <ul>
    <li>Item</li>
    <li>Item</li>
    <li>Item</li>
  </ul>
  <ol>
    <li>Item</li>
    <li>Item</li>
    <li>Item</li>
  </ol>
  <ul class="custom-long-list-class">
    <li>Item</li>
    <li>Item</li>
    <li>Item</li>
    <li>Item</li>
  </ul>
  <ol class="custom-long-list-class">
    <li>Item</li>
    <li>Item</li>
    <li>Item</li>
    <li>Item</li>
  </ol>
  <ul class="custom-long-list-class">
    <li>Item</li>
    <li>Item</li>
    <li>Item</li>
    <li>Item</li>
    <li>Item</li>
    <li>Item</li>
  </ul>
  <ol class="custom-long-list-class">
    <li>Item</li>
    <li>Item</li>
    <li>Item</li>
    <li>Item</li>
    <li>Item</li>
    <li>Item</li>
  </ol>
</body>
