<!DOCTYPE html>
<body>
  <ul>
    <li>Item</li>
    <li>Item</li>
    <li>Item</li>
  </ul>
  <ol>
    <li>Item</li>
    <li>Item</li>
    <li>Item</li>
  </ol>
  <ul>
    <li>Item</li>
    <li>Item</li>
    <li>Item</li>
    <li>Item</li>
  </ul>
  <ol>
    <li>Item</li>
    <li>Item</li>
    <li>Item</li>
    <li>Item</li>
  </ol>
  <ul class="long-list">
    <li>Item</li>
    <li>Item</li>
    <li>Item</li>
    <li>Item</li>
    <li>Item</li>
    <li>Item</li>
  </ul>
  <ol class="long-list">
    <li>Item</li>
    <li>Item</li>
    <li>Item</li>
    <li>Item</li>
    <li>Item</li>
    <li>Item</li>
  </ol>
</body>
